This is pdfTeX, Version 3.141592653-2.6-1.40.26 (TeX Live 2024) (preloaded format=pdflatex 2024.12.11)  27 JUL 2026 21:13
entering extended mode
 restricted \write18 enabled.
 %&-line parsing enabled.
**manuscript/ltee_hypoxia_model.tex
(./manuscript/ltee_hypoxia_model.tex
LaTeX2e <2023-11-01> patch level 1
L3 programming layer <2024-02-20>
(/usr/local/texlive/2024/texmf-dist/tex/latex/base/article.cls
Document Class: article 2023/05/17 v1.4n Standard LaTeX document class
(/usr/local/texlive/2024/texmf-dist/tex/latex/base/size11.clo
File: size11.clo 2023/05/17 v1.4n Standard LaTeX file (size option)
)
\c@part=\count188
\c@section=\count189
\c@subsection=\count190
\c@subsubsection=\count191
\c@paragraph=\count192
\c@subparagraph=\count193
\c@figure=\count194
\c@table=\count195
\abovecaptionskip=\skip48
\belowcaptionskip=\skip49
\bibindent=\dimen140
)
(/usr/local/texlive/2024/texmf-dist/tex/latex/graphics/graphicx.sty
Package: graphicx 2021/09/16 v1.2d Enhanced LaTeX Graphics (DPC,SPQR)

(/usr/local/texlive/2024/texmf-dist/tex/latex/graphics/keyval.sty
Package: keyval 2022/05/29 v1.15 key=value parser (DPC)
\KV@toks@=\toks17
)
(/usr/local/texlive/2024/texmf-dist/tex/latex/graphics/graphics.sty
Package: graphics 2022/03/10 v1.4e Standard LaTeX Graphics (DPC,SPQR)

(/usr/local/texlive/2024/texmf-dist/tex/latex/graphics/trig.sty
Package: trig 2021/08/11 v1.11 sin cos tan (DPC)
)
(/usr/local/texlive/2024/texmf-dist/tex/latex/graphics-cfg/graphics.cfg
File: graphics.cfg 2016/06/04 v1.11 sample graphics configuration
)
Package graphics Info: Driver file: pdftex.def on input line 107.

(/usr/local/texlive/2024/texmf-dist/tex/latex/graphics-def/pdftex.def
File: pdftex.def 2022/09/22 v1.2b Graphics/color driver for pdftex
))
\Gin@req@height=\dimen141
\Gin@req@width=\dimen142
)
(/usr/local/texlive/2024/texmf-dist/tex/latex/caption/caption.sty
Package: caption 2023/08/05 v3.6o Customizing captions (AR)

(/usr/local/texlive/2024/texmf-dist/tex/latex/caption/caption3.sty
Package: caption3 2023/07/31 v2.4d caption3 kernel (AR)
\caption@tempdima=\dimen143
\captionmargin=\dimen144
\caption@leftmargin=\dimen145
\caption@rightmargin=\dimen146
\caption@width=\dimen147
\caption@indent=\dimen148
\caption@parindent=\dimen149
\caption@hangindent=\dimen150
Package caption Info: Standard document class detected.
)
\c@caption@flags=\count196
\c@continuedfloat=\count197
)
(/usr/local/texlive/2024/texmf-dist/tex/latex/geometry/geometry.sty
Package: geometry 2020/01/02 v5.9 Page Geometry

(/usr/local/texlive/2024/texmf-dist/tex/generic/iftex/ifvtex.sty
Package: ifvtex 2019/10/25 v1.7 ifvtex legacy package. Use iftex instead.

(/usr/local/texlive/2024/texmf-dist/tex/generic/iftex/iftex.sty
Package: iftex 2022/02/03 v1.0f TeX engine tests
))
\Gm@cnth=\count198
\Gm@cntv=\count199
\c@Gm@tempcnt=\count266
\Gm@bindingoffset=\dimen151
\Gm@wd@mp=\dimen152
\Gm@odd@mp=\dimen153
\Gm@even@mp=\dimen154
\Gm@layoutwidth=\dimen155
\Gm@layoutheight=\dimen156
\Gm@layouthoffset=\dimen157
\Gm@layoutvoffset=\dimen158
\Gm@dimlist=\toks18
)
(/usr/local/texlive/2024/texmf-dist/tex/latex/cite/cite.sty
LaTeX Info: Redefining \cite on input line 302.
LaTeX Info: Redefining \nocite on input line 332.
Package: cite 2015/02/27  v 5.5
LaTeX Info: Redefining \cite on input line 441.
)
(/usr/local/texlive/2024/texmf-dist/tex/latex/preprint/authblk.sty
Package: authblk 2001/02/27 1.3 (PWD)
\affilsep=\skip50
\@affilsep=\skip51
\c@Maxaffil=\count267
\c@authors=\count268
\c@affil=\count269
)
(/usr/local/texlive/2024/texmf-dist/tex/latex/amsmath/amsmath.sty
Package: amsmath 2023/05/13 v2.17o AMS math features
\@mathmargin=\skip52

For additional information on amsmath, use the `?' option.
(/usr/local/texlive/2024/texmf-dist/tex/latex/amsmath/amstext.sty
Package: amstext 2021/08/26 v2.01 AMS text

(/usr/local/texlive/2024/texmf-dist/tex/latex/amsmath/amsgen.sty
File: amsgen.sty 1999/11/30 v2.0 generic functions
\@emptytoks=\toks19
\ex@=\dimen159
))
(/usr/local/texlive/2024/texmf-dist/tex/latex/amsmath/amsbsy.sty
Package: amsbsy 1999/11/29 v1.2d Bold Symbols
\pmbraise@=\dimen160
)
(/usr/local/texlive/2024/texmf-dist/tex/latex/amsmath/amsopn.sty
Package: amsopn 2022/04/08 v2.04 operator names
)
\inf@bad=\count270
LaTeX Info: Redefining \frac on input line 234.
\uproot@=\count271
\leftroot@=\count272
LaTeX Info: Redefining \overline on input line 399.
LaTeX Info: Redefining \colon on input line 410.
\classnum@=\count273
\DOTSCASE@=\count274
LaTeX Info: Redefining \ldots on input line 496.
LaTeX Info: Redefining \dots on input line 499.
LaTeX Info: Redefining \cdots on input line 620.
\Mathstrutbox@=\box51
\strutbox@=\box52
LaTeX Info: Redefining \big on input line 722.
LaTeX Info: Redefining \Big on input line 723.
LaTeX Info: Redefining \bigg on input line 724.
LaTeX Info: Redefining \Bigg on input line 725.
\big@size=\dimen161
LaTeX Font Info:    Redeclaring font encoding OML on input line 743.
LaTeX Font Info:    Redeclaring font encoding OMS on input line 744.
\macc@depth=\count275
LaTeX Info: Redefining \bmod on input line 905.
LaTeX Info: Redefining \pmod on input line 910.
LaTeX Info: Redefining \smash on input line 940.
LaTeX Info: Redefining \relbar on input line 970.
LaTeX Info: Redefining \Relbar on input line 971.
\c@MaxMatrixCols=\count276
\dotsspace@=\muskip16
\c@parentequation=\count277
\dspbrk@lvl=\count278
\tag@help=\toks20
\row@=\count279
\column@=\count280
\maxfields@=\count281
\andhelp@=\toks21
\eqnshift@=\dimen162
\alignsep@=\dimen163
\tagshift@=\dimen164
\tagwidth@=\dimen165
\totwidth@=\dimen166
\lineht@=\dimen167
\@envbody=\toks22
\multlinegap=\skip53
\multlinetaggap=\skip54
\mathdisplay@stack=\toks23
LaTeX Info: Redefining \[ on input line 2953.
LaTeX Info: Redefining \] on input line 2954.
)
(/usr/local/texlive/2024/texmf-dist/tex/latex/amsfonts/amssymb.sty
Package: amssymb 2013/01/14 v3.01 AMS font symbols

(/usr/local/texlive/2024/texmf-dist/tex/latex/amsfonts/amsfonts.sty
Package: amsfonts 2013/01/14 v3.01 Basic AMSFonts support
\symAMSa=\mathgroup4
\symAMSb=\mathgroup5
LaTeX Font Info:    Redeclaring math symbol \hbar on input line 98.
LaTeX Font Info:    Overwriting math alphabet `\mathfrak' in version `bold'
(Font)                  U/euf/m/n --> U/euf/b/n on input line 106.
))
(/usr/local/texlive/2024/texmf-dist/tex/latex/booktabs/booktabs.sty
Package: booktabs 2020/01/12 v1.61803398 Publication quality tables
\heavyrulewidth=\dimen168
\lightrulewidth=\dimen169
\cmidrulewidth=\dimen170
\belowrulesep=\dimen171
\belowbottomsep=\dimen172
\aboverulesep=\dimen173
\abovetopsep=\dimen174
\cmidrulesep=\dimen175
\cmidrulekern=\dimen176
\defaultaddspace=\dimen177
\@cmidla=\count282
\@cmidlb=\count283
\@aboverulesep=\dimen178
\@belowrulesep=\dimen179
\@thisruleclass=\count284
\@lastruleclass=\count285
\@thisrulewidth=\dimen180
)
(/usr/local/texlive/2024/texmf-dist/tex/latex/tools/longtable.sty
Package: longtable 2023-11-01 v4.19 Multi-page Table package (DPC)
\LTleft=\skip55
\LTright=\skip56
\LTpre=\skip57
\LTpost=\skip58
\LTchunksize=\count286
\LTcapwidth=\dimen181
\LT@head=\box53
\LT@firsthead=\box54
\LT@foot=\box55
\LT@lastfoot=\box56
\LT@gbox=\box57
\LT@cols=\count287
\LT@rows=\count288
\c@LT@tables=\count289
\c@LT@chunks=\count290
\LT@p@ftn=\toks24
)
(/usr/local/texlive/2024/texmf-dist/tex/latex/tools/array.sty
Package: array 2023/10/16 v2.5g Tabular extension package (FMi)
\col@sep=\dimen182
\ar@mcellbox=\box58
\extrarowheight=\dimen183
\NC@list=\toks25
\extratabsurround=\skip59
\backup@length=\skip60
\ar@cellbox=\box59
)
(/usr/local/texlive/2024/texmf-dist/tex/latex/setspace/setspace.sty
Package: setspace 2022/12/04 v6.7b set line spacing
)
(/usr/local/texlive/2024/texmf-dist/tex/latex/l3backend/l3backend-pdftex.def
File: l3backend-pdftex.def 2024-02-20 L3 backend support: PDF output (pdfTeX)
\l__color_backend_stack_int=\count291
\l__pdf_internal_box=\box60
)
(.qa/latex/ltee_hypoxia_model.aux)
\openout1 = `ltee_hypoxia_model.aux'.

LaTeX Font Info:    Checking defaults for OML/cmm/m/it on input line 27.
LaTeX Font Info:    ... okay on input line 27.
LaTeX Font Info:    Checking defaults for OMS/cmsy/m/n on input line 27.
LaTeX Font Info:    ... okay on input line 27.
LaTeX Font Info:    Checking defaults for OT1/cmr/m/n on input line 27.
LaTeX Font Info:    ... okay on input line 27.
LaTeX Font Info:    Checking defaults for T1/cmr/m/n on input line 27.
LaTeX Font Info:    ... okay on input line 27.
LaTeX Font Info:    Checking defaults for TS1/cmr/m/n on input line 27.
LaTeX Font Info:    ... okay on input line 27.
LaTeX Font Info:    Checking defaults for OMX/cmex/m/n on input line 27.
LaTeX Font Info:    ... okay on input line 27.
LaTeX Font Info:    Checking defaults for U/cmr/m/n on input line 27.
LaTeX Font Info:    ... okay on input line 27.

(/usr/local/texlive/2024/texmf-dist/tex/context/base/mkii/supp-pdf.mkii
[Loading MPS to PDF converter (version 2006.09.02).]
\scratchcounter=\count292
\scratchdimen=\dimen184
\scratchbox=\box61
\nofMPsegments=\count293
\nofMParguments=\count294
\everyMPshowfont=\toks26
\MPscratchCnt=\count295
\MPscratchDim=\dimen185
\MPnumerator=\count296
\makeMPintoPDFobject=\count297
\everyMPtoPDFconversion=\toks27
) (/usr/local/texlive/2024/texmf-dist/tex/latex/epstopdf-pkg/epstopdf-base.sty
Package: epstopdf-base 2020-01-24 v2.11 Base part for package epstopdf
Package epstopdf-base Info: Redefining graphics rule for `.eps' on input line 4
85.

(/usr/local/texlive/2024/texmf-dist/tex/latex/latexconfig/epstopdf-sys.cfg
File: epstopdf-sys.cfg 2010/07/13 v1.3 Configuration of (r)epstopdf for TeX Liv
e
))
Package caption Info: Begin \AtBeginDocument code.
Package caption Info: longtable package is loaded.

(/usr/local/texlive/2024/texmf-dist/tex/latex/caption/ltcaption.sty
Package: ltcaption 2021/01/08 v1.4c longtable captions (AR)
)
Package caption Info: End \AtBeginDocument code.

*geometry* driver: auto-detecting
*geometry* detected driver: pdftex
*geometry* verbose mode - [ preamble ] result:
* driver: pdftex
* paper: <default>
* layout: <same size as paper>
* layoutoffset:(h,v)=(0.0pt,0.0pt)
* modes: 
* h-part:(L,W,R)=(72.26999pt, 469.75502pt, 72.26999pt)
* v-part:(T,H,B)=(72.26999pt, 650.43001pt, 72.26999pt)
* \paperwidth=614.295pt
* \paperheight=794.96999pt
* \textwidth=469.75502pt
* \textheight=650.43001pt
* \oddsidemargin=0.0pt
* \evensidemargin=0.0pt
* \topmargin=-37.0pt
* \headheight=12.0pt
* \headsep=25.0pt
* \topskip=11.0pt
* \footskip=30.0pt
* \marginparwidth=59.0pt
* \marginparsep=10.0pt
* \columnsep=10.0pt
* \skip\footins=10.0pt plus 4.0pt minus 2.0pt
* \hoffset=0.0pt
* \voffset=0.0pt
* \mag=1000
* \@twocolumnfalse
* \@twosidefalse
* \@mparswitchfalse
* \@reversemarginfalse
* (1in=72.27pt=25.4mm, 1cm=28.453pt)

LaTeX Font Info:    Trying to load font information for U+msa on input line 28.

(/usr/local/texlive/2024/texmf-dist/tex/latex/amsfonts/umsa.fd
File: umsa.fd 2013/01/14 v3.01 AMS symbols A
)
LaTeX Font Info:    Trying to load font information for U+msb on input line 28.


(/usr/local/texlive/2024/texmf-dist/tex/latex/amsfonts/umsb.fd
File: umsb.fd 2013/01/14 v3.01 AMS symbols B
) [1

{/usr/local/texlive/2024/texmf-var/fonts/map/pdftex/updmap/pdftex.map}] [2] [3]

Underfull \hbox (badness 3838) in paragraph at lines 69--70
[]|\OT1/cmr/m/n/10.95 Net growth, death, clear-ance, and resource-
 []


Underfull \hbox (badness 10000) in paragraph at lines 70--70
[]|\OT1/cmr/m/n/10.95 Terminal single-cell chromosome-
 []


Underfull \hbox (badness 10000) in paragraph at lines 73--73
[]|\OT1/cmr/m/it/10.95 In vitro \OT1/cmr/m/n/10.95 karyotype/chromosome-
 []

[4]
Overfull \hbox (5.44217pt too wide) in paragraph at lines 106--107
[]\OT1/cmr/m/n/10.95 To ask whether oxy-gen alone would push fit-ted tu-mors to
-ward pre-dictable long-term chromosome-
 []

[5] [6]
<oxygen/figures/assembled_fig1.png, id=34, 1702.36pt x 1362.08875pt>
File: oxygen/figures/assembled_fig1.png Graphic file (type png)
<use oxygen/figures/assembled_fig1.png>
Package pdftex.def Info: oxygen/figures/assembled_fig1.png  used on input line 
124.
(pdftex.def)             Requested size: 469.75502pt x 375.85376pt.
<oxygen/figures/assembled_fig2.png, id=35, 578.16pt x 505.89pt>
File: oxygen/figures/assembled_fig2.png Graphic file (type png)
<use oxygen/figures/assembled_fig2.png>
Package pdftex.def Info: oxygen/figures/assembled_fig2.png  used on input line 
132.
(pdftex.def)             Requested size: 469.75502pt x 411.0346pt.
<oxygen/figures/assembled_fig3.png, id=36, 875.9124pt x 556.479pt>
File: oxygen/figures/assembled_fig3.png Graphic file (type png)
<use oxygen/figures/assembled_fig3.png>
Package pdftex.def Info: oxygen/figures/assembled_fig3.png  used on input line 
144.
(pdftex.def)             Requested size: 469.75502pt x 298.43932pt.
<oxygen/figures/assembled_fig4.png, id=38, 5107.08pt x 2715.14375pt>
File: oxygen/figures/assembled_fig4.png Graphic file (type png)
<use oxygen/figures/assembled_fig4.png>
Package pdftex.def Info: oxygen/figures/assembled_fig4.png  used on input line 
156.
(pdftex.def)             Requested size: 469.75502pt x 249.73825pt.
<oxygen/figures/iteration1/fig5a_joint_fit_setup.png, id=39, 539.616pt x 289.08
pt>
File: oxygen/figures/iteration1/fig5a_joint_fit_setup.png Graphic file (type pn
g)
<use oxygen/figures/iteration1/fig5a_joint_fit_setup.png>
Package pdftex.def Info: oxygen/figures/iteration1/fig5a_joint_fit_setup.png  u
sed on input line 167.
(pdftex.def)             Requested size: 469.75502pt x 251.66077pt.
<oxygen/figures/iteration1/fig5b_pair_parameter_ratio_map.png, id=40, 758.835pt
 x 520.344pt>
File: oxygen/figures/iteration1/fig5b_pair_parameter_ratio_map.png Graphic file
 (type png)
<use oxygen/figures/iteration1/fig5b_pair_parameter_ratio_map.png>
Package pdftex.def Info: oxygen/figures/iteration1/fig5b_pair_parameter_ratio_m
ap.png  used on input line 176.
(pdftex.def)             Requested size: 469.76654pt x 322.12561pt.
<oxygen/figures/iteration1/fig5c_between_pair_class_consensus.png, id=41, 686.5
65pt x 469.755pt>
File: oxygen/figures/iteration1/fig5c_between_pair_class_consensus.png Graphic 
file (type png)
<use oxygen/figures/iteration1/fig5c_between_pair_class_consensus.png>
Package pdftex.def Info: oxygen/figures/iteration1/fig5c_between_pair_class_con
sensus.png  used on input line 184.
(pdftex.def)             Requested size: 469.74944pt x 321.40752pt.
<oxygen/figures/iteration1/fig5d_pair_specific_ratio_intervals.png, id=42, 831.
105pt x 758.835pt>
File: oxygen/figures/iteration1/fig5d_pair_specific_ratio_intervals.png Graphic
 file (type png)
<use oxygen/figures/iteration1/fig5d_pair_specific_ratio_intervals.png>
Package pdftex.def Info: oxygen/figures/iteration1/fig5d_pair_specific_ratio_in
tervals.png  used on input line 192.
(pdftex.def)             Requested size: 469.75275pt x 428.90468pt.
<oxygen/figures/assembled_fig6.png, id=43, 563.706pt x 722.7pt>
File: oxygen/figures/assembled_fig6.png Graphic file (type png)
<use oxygen/figures/assembled_fig6.png>
Package pdftex.def Info: oxygen/figures/assembled_fig6.png  used on input line 
199.
(pdftex.def)             Requested size: 344.98694pt x 442.29095pt.
<oxygen/figures/iteration1/fig6c_selection_diagnostic.png, id=44, 592.614pt x 3
17.988pt>
File: oxygen/figures/iteration1/fig6c_selection_diagnostic.png Graphic file (ty
pe png)
<use oxygen/figures/iteration1/fig6c_selection_diagnostic.png>
Package pdftex.def Info: oxygen/figures/iteration1/fig6c_selection_diagnostic.p
ng  used on input line 209.
(pdftex.def)             Requested size: 469.75502pt x 252.07143pt.
 [7] [8 <./oxygen/figures/assembled_fig1.png>] [9 <./oxygen/figures/assembled_f
ig2.png (PNG copy)>] [10 <./oxygen/figures/assembled_fig3.png>] [11 <./oxygen/f
igures/assembled_fig4.png>] [12 <./oxygen/figures/iteration1/fig5a_joint_fit_se
tup.png>] [13 <./oxygen/figures/iteration1/fig5b_pair_parameter_ratio_map.png>]
 [14 <./oxygen/figures/iteration1/fig5c_between_pair_class_consensus.png>] [15 
<./oxygen/figures/iteration1/fig5d_pair_specific_ratio_intervals.png>]
[16 <./oxygen/figures/assembled_fig6.png>] [17 <./oxygen/figures/iteration1/fig
6c_selection_diagnostic.png>] [18

] [19{/usr/local/texlive/2024/texmf-dist/fonts/enc/dvips/cm-super/cm-super-ts1.
enc}]
Overfull \hbox (21.83856pt too wide) in paragraph at lines 262--263
\OT1/cmr/m/n/10.95 We model tu-mor pop-u-la-tion dy-nam-ics as a de-ter-min-is-
tic state-structured ODE sys-tem over chromosome-
 []

[20] [21] [22]
Overfull \hbox (5.0193pt too wide) in paragraph at lines 435--436
\OT1/cmr/m/n/10.95 daugh-ter sur-vival or be-cause daugh-ter or doubled-lineage
 states fall out-side the re-tained chromosome-
 []

[23] [24] [25]
Overfull \hbox (157.43689pt too wide) detected at line 625
[][]\OT1/cmr/m/n/10.95 (\OML/cmm/m/it/10.95 ^^R\OT1/cmr/m/n/10.95 ) = \OML/cmm/
m/it/10.95 v[] [] [] ;  []\OT1/cmr/m/n/10.95 (\OML/cmm/m/it/10.95 ^^R\OT1/cmr/m
/n/10.95 ) = \OML/cmm/m/it/10.95 v[] [] [] :
 []

[26]
Overfull \hbox (4.20946pt too wide) in paragraph at lines 723--724
[]$[]$ \OT1/cmr/m/n/10.95 The \OT1/cmr/m/it/10.95 in vivo \OT1/cmr/m/n/10.95 co
m-po-nent is for-mu-lated as a maximum-a-posteriori
 []


Overfull \hbox (8.86092pt too wide) in paragraph at lines 758--759
 \OT1/cmr/bx/it/10.95 In vitro \OT1/cmr/bx/n/10.95 ob-ser-va-tion model and lik
e-li-hood.[] \OT1/cmr/m/n/10.95 The \OT1/cmr/m/it/10.95 in vitro \OT1/cmr/m/n/1
0.95 com-po-nent uses the same chromosome-
 []

[27]
Overfull \hbox (8.86287pt too wide) in paragraph at lines 768--770
\OT1/cmr/m/n/10.95 where $\OMS/cmsy/m/n/10.95 S[]$ \OT1/cmr/m/n/10.95 is the se
t of seg-ments with ob-served growth-rate data and $\OML/cmm/m/it/10.95 ^^[[]$ 
\OT1/cmr/m/n/10.95 is the growth measurement-
 []


Overfull \hbox (21.01758pt too wide) in paragraph at lines 771--772
[]\OT1/cmr/m/n/10.95 For chromosome-number ob-ser-va-tions in seg-ment $\OML/cm
m/m/it/10.95 s$\OT1/cmr/m/n/10.95 , let $\OML/cmm/m/it/10.95 ^^Y[]$ \OT1/cmr/m/
n/10.95 de-note the pre-dicted vi-able chromosome-
 []

[28] [29] [30] (./manuscript/tables/tao_model_parameters.tex
\ModelParamTableWidth=\skip61

Overfull \hbox (469.75502pt too wide) detected at line 9
[]
 []


Overfull \hbox (3.62524pt too wide) in paragraph at lines 13--13
[]|\OT1/cmr/m/n/8 Parameter|  
 []


Underfull \hbox (badness 10000) in alignment at lines 8--15
[] [] [] [] [] [] [] [] [] []
 []


Overfull \hbox (3.62524pt too wide) in paragraph at lines 18--18
[]|\OT1/cmr/m/n/8 Parameter|  
 []


Underfull \hbox (badness 10000) in alignment at lines 15--20
[] [] [] [] [] [] [] [] [] []
 []


Overfull \hbox (12.1895pt too wide) in paragraph at lines 24--24
[]|\OT1/cmr/m/n/8 probability|  
 []


Overfull \hbox (12.1895pt too wide) in paragraph at lines 26--26
[]|\OT1/cmr/m/n/8 probability|  
 []


Overfull \hbox (12.1895pt too wide) in paragraph at lines 36--36
[]|\OT1/cmr/m/n/8 probability|  
 []


Underfull \hbox (badness 10000) in alignment at lines 20--63
[] [] [] [] [] [] [] [] [] []
 []

[31] [32]) [33] (./manuscript/tables/tao_fixed_parameters.tex
\FixedParamTableWidth=\skip62

Overfull \hbox (469.75502pt too wide) detected at line 9
[]
 []


Underfull \hbox (badness 10000) in alignment at lines 8--15
[] [] [] [] []
 []


Underfull \hbox (badness 10000) in alignment at lines 15--20
[] [] [] [] []
 []


Overfull \hbox (4.39888pt too wide) in paragraph at lines 30--30
[]|\OT1/cmr/m/n/8 chromosomes|  
 []


Overfull \hbox (4.39888pt too wide) in paragraph at lines 32--32
[]|\OT1/cmr/m/n/8 chromosomes|  
 []


Overfull \hbox (4.39888pt too wide) in paragraph at lines 34--34
[]|\OT1/cmr/m/n/8 chromosomes|  
 []


Underfull \hbox (badness 10000) in alignment at lines 20--49
[] [] [] [] []
 []

) [34

] (.qa/latex/ltee_hypoxia_model.bbl [35

] [36] [37] [38] [39]) [40]
(.qa/latex/ltee_hypoxia_model.aux)
 ***********
LaTeX2e <2023-11-01> patch level 1
L3 programming layer <2024-02-20>
 ***********
 ) 
Here is how much of TeX's memory you used:
 5225 strings out of 474116
 87511 string characters out of 5743681
 1984187 words of memory out of 5000000
 27515 multiletter control sequences out of 15000+600000
 572315 words of font info for 88 fonts, out of 8000000 for 9000
 1141 hyphenation exceptions out of 8191
 57i,11n,65p,1688b,396s stack positions out of 10000i,1000n,20000p,200000b,200000s
</usr/local/texlive/2024/texmf-dist/fonts/type1/public/amsfonts/cm/cmbx10.pfb
></usr/local/texlive/2024/texmf-dist/fonts/type1/public/amsfonts/cm/cmbx12.pfb>
</usr/local/texlive/2024/texmf-dist/fonts/type1/public/amsfonts/cm/cmbx8.pfb></
usr/local/texlive/2024/texmf-dist/fonts/type1/public/amsfonts/cm/cmbxti10.pfb><
/usr/local/texlive/2024/texmf-dist/fonts/type1/public/amsfonts/cm/cmex10.pfb></
usr/local/texlive/2024/texmf-dist/fonts/type1/public/amsfonts/cm/cmmi10.pfb></u
sr/local/texlive/2024/texmf-dist/fonts/type1/public/amsfonts/cm/cmmi6.pfb></usr
/local/texlive/2024/texmf-dist/fonts/type1/public/amsfonts/cm/cmmi8.pfb></usr/l
ocal/texlive/2024/texmf-dist/fonts/type1/public/amsfonts/cm/cmmib10.pfb></usr/l
ocal/texlive/2024/texmf-dist/fonts/type1/public/amsfonts/cm/cmr10.pfb></usr/loc
al/texlive/2024/texmf-dist/fonts/type1/public/amsfonts/cm/cmr12.pfb></usr/local
/texlive/2024/texmf-dist/fonts/type1/public/amsfonts/cm/cmr17.pfb></usr/local/t
exlive/2024/texmf-dist/fonts/type1/public/amsfonts/cm/cmr5.pfb></usr/local/texl
ive/2024/texmf-dist/fonts/type1/public/amsfonts/cm/cmr6.pfb></usr/local/texlive
/2024/texmf-dist/fonts/type1/public/amsfonts/cm/cmr8.pfb></usr/local/texlive/20
24/texmf-dist/fonts/type1/public/amsfonts/cm/cmr9.pfb></usr/local/texlive/2024/
texmf-dist/fonts/type1/public/amsfonts/cm/cmsy10.pfb></usr/local/texlive/2024/t
exmf-dist/fonts/type1/public/amsfonts/cm/cmsy6.pfb></usr/local/texlive/2024/tex
mf-dist/fonts/type1/public/amsfonts/cm/cmsy8.pfb></usr/local/texlive/2024/texmf
-dist/fonts/type1/public/amsfonts/cm/cmti10.pfb></usr/local/texlive/2024/texmf-
dist/fonts/type1/public/amsfonts/cm/cmtt10.pfb></usr/local/texlive/2024/texmf-d
ist/fonts/type1/public/amsfonts/symbols/msbm10.pfb></usr/local/texlive/2024/tex
mf-dist/fonts/type1/public/cm-super/sfrm1095.pfb>
Output written on .qa/latex/ltee_hypoxia_model.pdf (40 pages, 6137479 bytes).
PDF statistics:
 264 PDF objects out of 1000 (max. 8388607)
 162 compressed objects within 2 object streams
 0 named destinations out of 1000 (max. 500000)
 51 words of extra memory for PDF output out of 10000 (max. 10000000)

